Testing Prisma connection...
Prisma test failed: PrismaClientKnownRequestError: 
Invalid `prisma.user.findUnique()` invocation in
C:\Users\DEBI PRASAD\Downloads\Mini CRM Backend\test-prisma.ts:6:40

  3 async function main() {
  4     try {
  5         console.log('Testing Prisma connection...');
ΓåÆ 6         const user = await prisma.user.findUnique(

    at Vr.handleRequestError (C:\Users\DEBI PRASAD\Downloads\Mini CRM Backend\node_modules\@prisma\client\src\runtime\RequestHandler.ts:228:13)
    at Vr.handleAndLogRequestError (C:\Users\DEBI PRASAD\Downloads\Mini CRM Backend\node_modules\@prisma\client\src\runtime\RequestHandler.ts:174:12)
    at Vr.request (C:\Users\DEBI PRASAD\Downloads\Mini CRM Backend\node_modules\@prisma\client\src\runtime\RequestHandler.ts:143:12)
    at processTicksAndRejections (node:internal/process/task_queues:105:5)
    at async a (C:\Users\DEBI PRASAD\Downloads\Mini CRM Backend\node_modules\@prisma\client\src\runtime\getPrismaClient.ts:805:24)
    at async main (C:\Users\DEBI PRASAD\Downloads\Mini CRM Backend\test-prisma.ts:6:22) {
  code: 'ECONNREFUSED',
  meta: { modelName: 'User' },
  clientVersion: '7.3.0'
}
