src/config/prisma.ts(1,10): error TS2305: Module '"@prisma/client"' has no exported member 'PrismaClient'.
